[0;1;37;44m Neuanmeldung[K[0m

  [0;37;40mDu legst gerade einen Account bei @BBSNAME@ an.
  [0;37;40mWir brauchen nur einen Handle, deinen Ort und ein Passwort.
  [0;37;40m
  [0;37;40mSei fair zu den anderen Anrufern. Kein Spam, keine Beleidigungen,
  [0;37;40mkeine illegalen Dateien. Der Sysop kann Accounts bei Verst”áen l”schen.
