[0;1;37;44m Hausregeln[K[0m

  [0;1;33;40m1.[0;37;40m Sei nett. Hier lesen echte Menschen mit.
  [0;1;33;40m2.[0;37;40m Kein Spam, keine Werbung ohne Erlaubnis.
  [0;1;33;40m3.[0;37;40m Lade nur Dateien hoch, die du weitergeben darfst.
  [0;1;33;40m4.[0;37;40m Ein Account pro Person.
  [0;1;33;40m5.[0;37;40m Der Sysop hat das letzte Wort.
