[0;1;37;44m New user registration[K[0m

  [0;37;40mYou are about to create an account on @BBSNAME@.
  [0;37;40mAll you need is a handle, the place you call from and a password.
  [0;37;40m
  [0;37;40mPlease be fair to other callers. No spam, no insults, no illegal files.
  [0;37;40mThe sysop may remove accounts that break the rules.
